// Jest Snapshot v1, https://goo.gl/fbAQLP

exports[`forEach returns same text as given in param 1`] = `
Array [
  Array [
    1,
    2,
    0,
  ],
  Array [
    2,
    4,
    1,
  ],
  Array [
    3,
    6,
    2,
  ],
]
`;
