// Jest Snapshot v1, https://goo.gl/fbAQLP

exports[`text returns same text as given in param 1`] = `"kala"`;
